ets Jul 29 2019 12:21:46

rst:0x1 (POWERON_RESET),boot:0x13 (SPI_FAST_FLASH_BOOT)
configsip: 0, SPIWP:0xee
clk_drv:0x00,q_drv:0x00,d_drv:0x00,cs0_drv:0x00,hd_drv:0x00,wp_drv:0x00
mode:DIO, clock div:2
load:0x3fff0030,len:6276
load:0x40078000,len:15748
load:0x40080400,len:4
ho 8 tail 4 room 4
load:0x40080404,len:3860
entry 0x4008063c
[0;32mI (31) boot: ESP-IDF v5.4.1-dirty 2nd stage bootloader[0m
[0;32mI (31) boot: compile time Aug 21 2025 13:22:05[0m
[0;32mI (31) boot: Multicore bootloader[0m
[0;32mI (33) boot: chip revision: v3.1[0m
[0;32mI (36) boot.esp32: SPI Speed      : 40MHz[0m
[0;32mI (40) boot.esp32: SPI Mode       : DIO[0m
[0;32mI (43) boot.esp32: SPI Flash Size : 4MB[0m
[0;32mI (47) boot: Enabling RNG early entropy source...[0m
[0;32mI (51) boot: Partition Table:[0m
[0;32mI (54) boot: ## Label            Usage          Type ST Offset   Length[0m
[0;32mI (60) boot:  0 nvs              WiFi data        01 02 00009000 00006000[0m
[0;32mI (67) boot:  1 phy_init         RF data          01 01 0000f000 00001000[0m
[0;32mI (73) boot:  2 factory          factory app      00 00 00010000 001c0000[0m
[0;32mI (80) boot: End of partition table[0m
[0;32mI (83) esp_image: segment 0: paddr=00010020 vaddr=3f400020 size=3c478h (246904) map[0m
[0;32mI (175) esp_image: segment 1: paddr=0004c4a0 vaddr=3ff80000 size=0001ch (    28) load[0m
[0;32mI (175) esp_image: segment 2: paddr=0004c4c4 vaddr=3ffbdb60 size=03b54h ( 15188) load[0m
[0;32mI (184) esp_image: segment 3: paddr=00050020 vaddr=400d0020 size=c4efch (806652) map[0m
[0;32mI (462) esp_image: segment 4: paddr=00114f24 vaddr=3ffc16b4 size=02228h (  8744) load[0m
[0;32mI (465) esp_image: segment 5: paddr=00117154 vaddr=40080000 size=1f7cch (128972) load[0m
[0;32mI (531) boot: Loaded app from partition at offset 0x10000[0m
[0;32mI (531) boot: Disabling RNG early entropy source...[0m
[0;32mI (541) cpu_start: Multicore app[0m
[0;32mI (550) cpu_start: Pro cpu start user code[0m
[0;32mI (550) cpu_start: cpu freq: 160000000 Hz[0m
[0;32mI (550) app_init: Application information:[0m
[0;32mI (550) app_init: Project name:     attendance_system[0m
[0;32mI (554) app_init: App version:      1[0m
[0;32mI (558) app_init: Compile time:     Aug 21 2025 13:21:55[0m
[0;32mI (563) app_init: ELF file SHA256:  d7d00f851...[0m
[0;32mI (567) app_init: ESP-IDF:          v5.4.1-dirty[0m
[0;32mI (572) efuse_init: Min chip rev:     v0.0[0m
[0;32mI (575) efuse_init: Max chip rev:     v3.99 [0m
[0;32mI (579) efuse_init: Chip rev:         v3.1[0m
[0;32mI (584) heap_init: Initializing. RAM available for dynamic allocation:[0m
[0;32mI (590) heap_init: At 3FFAFF10 len 000000F0 (0 KiB): DRAM[0m
[0;32mI (595) heap_init: At 3FFB6388 len 00001C78 (7 KiB): DRAM[0m
[0;32mI (600) heap_init: At 3FFB9A20 len 00004108 (16 KiB): DRAM[0m
[0;32mI (605) heap_init: At 3FFCA880 len 00015780 (85 KiB): DRAM[0m
[0;32mI (610) heap_init: At 3FFE0440 len 00003AE0 (14 KiB): D/IRAM[0m
[0;32mI (615) heap_init: At 3FFE4350 len 0001BCB0 (111 KiB): D/IRAM[0m
[0;32mI (621) heap_init: At 4009F7CC len 00000834 (2 KiB): IRAM[0m
[0;32mI (628) spi_flash: detected chip: generic[0m
[0;32mI (630) spi_flash: flash io: dio[0m
[0;33mW (633) i2c: This driver is an old driver, please migrate your application code to adapt `driver/i2c_master.h`[0m
[0;32mI (643) coexist: coex firmware version: e727207[0m
[0;32mI (648) main_task: Started on CPU0[0m
[0;32mI (658) main_task: Calling app_main()[0m
[0;32mI (658) gpio: GPIO[25]| InputEn: 1| OutputEn: 0| OpenDrain: 0| Pullup: 1| Pulldown: 0| Intr:0 [0m
[0;32mI (658) I2C: Scanning I2C bus...[0m
[0;32mI (668) I2C: I2C device found at address 0x27[0m
[0;32mI (768) wifi:wifi driver task: 3ffcea28, prio:23, stack:6656, core=0[0m
[0;32mI (778) wifi:wifi firmware version: 79fa3f41ba[0m
[0;32mI (778) wifi:wifi certification version: v7.0[0m
[0;32mI (778) wifi:config NVS flash: enabled[0m
[0;32mI (778) wifi:config nano formatting: disabled[0m
[0;32mI (778) wifi:Init data frame dynamic rx buffer num: 32[0m
[0;32mI (788) wifi:Init static rx mgmt buffer num: 5[0m
[0;32mI (788) wifi:Init management short buffer num: 32[0m
[0;32mI (798) wifi:Init dynamic tx buffer num: 32[0m
[0;32mI (798) wifi:Init static rx buffer size: 1600[0m
[0;32mI (808) wifi:Init static rx buffer num: 10[0m
[0;32mI (808) wifi:Init dynamic rx buffer num: 32[0m
[0;32mI (808) wifi_init: rx ba win: 6[0m
[0;32mI (818) wifi_init: accept mbox: 6[0m
[0;32mI (818) wifi_init: tcpip mbox: 32[0m
[0;32mI (818) wifi_init: udp mbox: 6[0m
[0;32mI (818) wifi_init: tcp mbox: 6[0m
[0;32mI (828) wifi_init: tcp tx win: 5760[0m
[0;32mI (828) wifi_init: tcp rx win: 5760[0m
[0;32mI (828) wifi_init: tcp mss: 1440[0m
[0;32mI (838) wifi_init: WiFi IRAM OP enabled[0m
[0;32mI (838) wifi_init: WiFi RX IRAM OP enabled[0m
[0;32mI (838) wifi_prov_scheme_ble: BT memory released[0m
[0;32mI (848) rc522_ID: Already provisioned, starting station mode[0m
[0;32mI (1888) wifi_prov_scheme_ble: BTDM memory released[0m
[0;32mI (1888) phy_init: phy_version 4860,6b7a6e5,Feb  6 2025,14:47:07[0m
[0;32mI (1968) wifi:mode : sta (e4:65:b8:7a:91:04)[0m
[0;32mI (1968) wifi:enable tsf[0m
ï¿½ï¿½ï¿½ï¿½ï¿½ï¿½ï¿½ï¿½ï¿½ï¿½ï¿½ï¿½ï¿½ï¿½ï¿½ï¿½ï¿½ï¿½ï¿½ï¿½ï¿½ï¿½ï¿½ï¿½ï¿½ï¿½ï¿½ï¿½ï¿½ï¿½ï¿½ï¿½ï¿½ï¿½ï¿½ï¿½ï¿½ï¿½ï¿½ï¿½ï¿½ï¿½ï¿½ï¿½ï¿½ï¿½ï¿½ï¿½ï¿½ï¿½ï¿½ï¿½ï¿½ï¿½ï¿½ï¿½ï¿½ï¿½ï¿½ï¿½ï¿½ï¿½ï¿½ï¿½ (4388) wifi:new:<10,0>, old:<1,0>, ap:<255,255>, sta:<10,0>, prof:1, snd_ch_cfg:0x0
[0;32mI (4388) wifi:state: init -> auth (0xb0)[0m
[0;32mI (4408) wifi:state: auth -> assoc (0x0)[0m
[0;32mI (4418) wifi:state: assoc -> run (0x10)[0m
[0;32mI (4448) wifi:connected with Bill, aid = 132, channel 10, BW20, bssid = c8:98:28:1b:4e:63[0m
[0;32mI (4448) wifi:security: WPA2-PSK, phy: bgn, rssi: -48[0m
[0;32mI (4448) wifi:pm start, type: 1[0m

[0;32mI (4448) wifi:dp: 1, bi: 102400, li: 3, scale listen interval from 307200 us to 307200 us[0m
[0;32mI (4458) wifi:<ba-add>idx:0 (ifx:0, c8:98:28:1b:4e:63), tid:0, ssn:0, winSize:64[0m
[0;32mI (4468) wifi:<ba-add>idx:1 (ifx:0, c8:98:28:1b:4e:63), tid:1, ssn:0, winSize:64[0m
[0;32mI (4538) wifi:AP's beacon interval = 102400 us, DTIM period = 1[0m
[0;32mI (4858) wifi:<ba-del>idx:1, tid:1[0m
[0;32mI (4858) wifi:<ba-add>idx:1 (ifx:0, c8:98:28:1b:4e:63), tid:1, ssn:0, winSize:64[0m
[0;32mI (7968) rc522_ID: Got IP:192.168.1.242[0m
[0;32mI (7968) esp_netif_handlers: sta ip: 192.168.1.242, mask: 255.255.255.0, gw: 192.168.1.1[0m
[0;32mI (7968) rc522_ID: WiFi Connected![0m
[0;32mI (9978) main_task: Returned from app_main()[0m
[0;32mI (10018) rc522: PCD (fw=unknown) initialized[0m
[0;32mI (16518) App script: POST DATA: {"UID":"C4 2E 18 05"}[0m
[0;32mI (16528) App script: URL dÃ¹ng trong ESP32: https://script.google.com/macros/s/AKfycbzX0h1RdpJCUkjpPu72SeEdHWKoVSEVjaw9e8-2GItjcO4N40-ktvV7Pziw3chv5Qzs/exec[0m
[0;32mI (19178) esp-x509-crt-bundle: Certificate validated[0m
[0;32mI (22678) App script: 1st status = 302, content_length = -1[0m
[0;32mI (22678) App script: Redirect to: https://script.googleusercontent.com/macros/echo?user_content_key=AehSKLiGxgJCIHw9C8G64SySlvTtYVXZCCh-HeXdgBEQAUYXkILHH64_aytbTvVm7iA_GW59k0ShUadVJQMZXLHG9fvIca6OF5zpyNGDO3Rjcc-XVmUrLU0pfe6EenZzOyPJUQUJAQ58KninEcWxWWeojRvQcezHgygGuWjMAa3gu0gm_mw7V_IuJGolJyciAGk0oeuq2dKVNoszaZ7B1TadToBTtgHfkJZeFuUdJrXzEmiPZXEkpMYa-QpLDIgL7GKjjYPERC_C1r_Q97nLEkOBoDZXl9QZng&lib=MtFuPUTKl6_A4zRCQc5OH_H6DnvbZbUGR[0m
[0;32mI (23198) esp-x509-crt-bundle: Certificate validated[0m
[0;32mI (25028) App script: 2nd status = 200, content_length = -1[0m
[0;32mI (25028) App script: Da dang ki[0m
[0;32mI (26678) rc522_ID: Card has been removed[0m
[0;32mI (45648) App script: POST DATA: {"UID":"C4 2E 18 05"}[0m
[0;32mI (45658) App script: URL dÃ¹ng trong ESP32: https://script.google.com/macros/s/AKfycbzX0h1RdpJCUkjpPu72SeEdHWKoVSEVjaw9e8-2GItjcO4N40-ktvV7Pziw3chv5Qzs/exec[0m
[0;32mI (46928) esp-x509-crt-bundle: Certificate validated[0m
[0;32mI (51568) App script: 1st status = 302, content_length = -1[0m
[0;32mI (51568) App script: Redirect to: https://script.googleusercontent.com/macros/echo?user_content_key=AehSKLgEucToqGS9_ZG0_oASbpzMgmaPOJntw9EmfZQOs1rePn1ZdaVVCmw_6CD0JUNp1J2ZfYfIwZ1E16g3NthkNsuWHYD9NqKqXfa4SCSON8PsMMIZnpt2M78Z3FCVBZ-ZfCxPVpiC9sSdnp44xflFuN1T1j34YtIEa9Gx5GjtbuyHJkGS2oRQ0RADhAD5HZ1S7jo4DK64070KyA6dckDKJiecTsuo_zAMsmCDWNNfCfEFqzpJrOeUayS2qn6DLgLCnOu4loT8fEV0kWlF36XSI85KejOeXw&lib=MtFuPUTKl6_A4zRCQc5OH_H6DnvbZbUGR[0m
[0;32mI (51978) esp-x509-crt-bundle: Certificate validated[0m
[0;32mI (55578) App script: 2nd status = 200, content_length = -1[0m
[0;32mI (55578) App script: Da dang ki[0m
[0;32mI (57208) rc522_ID: Card has been removed[0m
[0;32mI (92768) App script: POST DATA: {"UID":"C4 2E 18 05"}[0m
[0;32mI (92778) App script: URL dÃ¹ng trong ESP32: https://script.google.com/macros/s/AKfycbzX0h1RdpJCUkjpPu72SeEdHWKoVSEVjaw9e8-2GItjcO4N40-ktvV7Pziw3chv5Qzs/exec[0m
[0;32mI (94038) esp-x509-crt-bundle: Certificate validated[0m
[0;32mI (100608) App script: 1st status = 302, content_length = -1[0m
[0;32mI (100608) App script: Redirect to: https://script.googleusercontent.com/macros/echo?user_content_key=AehSKLghdxF6KuK88-tHDXbWOXFLq3QeCATMIJBsmEAIccZqPG9ochVWMhTNmqL_fakecWPJxohCcHVO-kpau9-RPCDQe6q4rpNQW_r9r8mWjp0dCBzVAtqn-JC0kwgLhJFdms7IlYWHo9m3QTWOjRdu5uAv3G35c_PsoFoEhqX7-_Vg78wlV9FXax1mMqhBifgvb3YNHajFwCpiY4PHkoNzuGF0oOLctRhYaDXM3OVENGPrujufOD6sCMfiAVdV6LDxDPU1E_ea2BW7vy-KCV8Cm4xPCz2JTQ&lib=MtFuPUTKl6_A4zRCQc5OH_H6DnvbZbUGR[0m
[0;32mI (101058) esp-x509-crt-bundle: Certificate validated[0m
[0;32mI (102648) App script: 2nd status = 200, content_length = -1[0m
[0;32mI (102648) App script: Success[0m
[0;32mI (104328) rc522_ID: Card has been removed[0m
